- [@r4mimu](https://zenn.dev/r4mimu)
GitHub Actions の Azure private networking で新しいリージョンがサポートされ、東京リージョンも含まれています。
Azure private networking については以前も Productivity Weekly で紹介したので、気になる方は[こちら](https://zenn.dev/cybozu_ept/articles/productivity-weekly-20231108#azure-private-networking-for-github-hosted-runners---public-beta---the-github-blog)の記事を参照してください。

Azure と GitHub Actions を利用している方には待望のアップデートでしょうか。

_本項の執筆者: [@r4mimu](https://zenn.dev/r4mimu)_

有志の方々で作られている SRE Magazine の 002 号が公開されました。
SLO や OpenTelemetry といったサービスの運用にまつわる技術的な話題からちょっとした読み物まで、幅広い内容が掲載されています。

個人的には、[この春SREになったあなたに贈る、心を折らないための読み物](https://sre-magazine.net/articles/2/vtryo/)が良いなと思いました。新年度始まって、疲れやツラみを感じている方には特におすすめです。

開発生産性関連だと、[巻頭言：Four keysの"Change lead time"をちょっと深堀る](https://sre-magazine.net/articles/2/syossan27/)という記事がありました。
なにかと話題になりがちな Change lead time の定義について振り返っており、勉強になりました。

これからの連載にも期待です。

_本項の執筆者: [@r4mimu](https://zenn.dev/r4mimu)_

`actions/cache@v4` ではキャッシュがヒットしなかった場合、`cache-hit` が `false` ではなく空文字列が返される仕様になっているようです。
そのため、`if: steps.cache.outputs.cache-hit == 'false'` という条件でキャッシュがヒットしなかった場合の処理を書いていると、意図通りに動作しないため、`if: steps.cache.outputs.cache-hit != 'true'` という条件で書き換える必要があるとのことです。

v3 から v4 へのアップデートにおける Breaking Change には記載されていなかったらしく、自分も知らなかったです。

_本項の執筆者: [@r4mimu](https://zenn.dev/r4mimu)_

2024 年 4 月当時、Amazon S3 では API リクエストに対して課金が発生していました。そのため、ステータスコードが `403 AccessDenied` を返すようなリクエストにも課金が発生してしまうため、EDoS 攻撃を受けるリスクがあるということが話題になっていました([参考](https://medium.com/@maciej.pocwierz/how-an-empty-s3-bucket-can-make-your-aws-bill-explode-934a383cb8b1))。

この記事では、Cloud Storage においても同様のリスクがあるかどうかを検証しています。
結論としては、Cloud Storage では 307、4xx、5xx レスポンスを返す場合は課金が発生しないため、S3 に比べると EDoS 攻撃を受けるリスクは低いとのことです。
ただし、静的ホスティングを行っており、404 レスポンスで表示させるコンテンツを設定している場合は課金が発生するそうです。また、データアクセス監査ログを有効化していると、ログの肥大化によるコストがかかることもあるので注意が必要とありました。

リスクや注意事項をまとめてくれていて、参考になりました。

なお、2024 年 5 月 13 日に[アップデート](https://aws.amazon.com/jp/about-aws/whats-new/2024/05/amazon-s3-no-charge-http-error-codes/)があり、S3 で `403 AccessDenied` でも課金が発生しないようになりました。

_本項の執筆者: [@r4mimu](https://zenn.dev/r4mimu)_
